src/test/resources/records/extends.stlc:1:1:info: {a = 1, c  ...: {a : num, c : num, b : num}
{a=1, c=2} extends {a={}, b=3}
^
src/test/resources/records/extends.stlc:1:1:info: {a = 1, c  ...: {a : num, c : num}
{a=1, c=2} extends {a={}, b=3}
^
src/test/resources/records/extends.stlc:1:2:info: a def: field in value num
{a=1, c=2} extends {a={}, b=3}
 ^
src/test/resources/records/extends.stlc:1:4:info: 1: num
{a=1, c=2} extends {a={}, b=3}
   ^
src/test/resources/records/extends.stlc:1:7:info: c def: field in value num
{a=1, c=2} extends {a={}, b=3}
      ^
src/test/resources/records/extends.stlc:1:9:info: 2: num
{a=1, c=2} extends {a={}, b=3}
        ^
src/test/resources/records/extends.stlc:1:20:info: {a = {}, b ...: {a : {}, b : num}
{a=1, c=2} extends {a={}, b=3}
                   ^
src/test/resources/records/extends.stlc:1:21:info: a def: field in value {}
{a=1, c=2} extends {a={}, b=3}
                    ^
src/test/resources/records/extends.stlc:1:23:info: {}: {}
{a=1, c=2} extends {a={}, b=3}
                      ^
src/test/resources/records/extends.stlc:1:27:info: b def: field in value num
{a=1, c=2} extends {a={}, b=3}
                          ^
src/test/resources/records/extends.stlc:1:29:info: 3: num
{a=1, c=2} extends {a={}, b=3}
                            ^
{a : num, c : num, b : num}
