src/test/resources/records/record-access.stlc:1:1:info: {a = 1}.a: num
{a = 1}.a
^
src/test/resources/records/record-access.stlc:1:1:info: {a = 1}: {a : num}
{a = 1}.a
^
src/test/resources/records/record-access.stlc:1:2:info: a def: field in value num
{a = 1}.a
 ^
src/test/resources/records/record-access.stlc:1:6:info: 1: num
{a = 1}.a
     ^
num
