src/test/resources/tests/inh-method5.fj:2:10:info: f def: Object
  Object f;
         ^
src/test/resources/tests/inh-method5.fj:3:12:info: f def: Object
  A(Object f) {
           ^
src/test/resources/tests/inh-method5.fj:7:10:info: b def: B
  A mk(B b) {
         ^
src/test/resources/tests/inh-method5.fj:8:12:info: new A(b): A
    return new A(b);
           ^
src/test/resources/tests/inh-method5.fj:8:18:info: b: B
    return new A(b);
                 ^
src/test/resources/tests/inh-method5.fj:16:1:info: new A(new  ...: A
new A(new Object()).mk(new Object())
^
src/test/resources/tests/inh-method5.fj:16:1:info: new A(new  ...: unknown
new A(new Object()).mk(new Object())
^
src/test/resources/tests/inh-method5.fj:16:7:info: new Object ...: Object
new A(new Object()).mk(new Object())
      ^
src/test/resources/tests/inh-method5.fj:16:24:info: new Object ...: Object
new A(new Object()).mk(new Object())
                       ^
unknown
