src/test/resources/scope-paper/constructor6.fj:4:10:info: f def: Object
  Object f;
         ^
src/test/resources/scope-paper/constructor6.fj:5:10:info: g def: Object
  Object g;
         ^
src/test/resources/scope-paper/constructor6.fj:6:12:info: f def: Object
  A(Object f, Object g) {
           ^
src/test/resources/scope-paper/constructor6.fj:6:22:info: g def: Object
  A(Object f, Object g) {
                     ^
src/test/resources/scope-paper/constructor6.fj:12:1:info: new A(new  ...: unknown
new A(new Object())
^
src/test/resources/scope-paper/constructor6.fj:12:7:info: new Object ...: Object
new A(new Object())
      ^
unknown
